// Jest Snapshot v1, https://goo.gl/fbAQLP

exports[`Example: Example: Basic block should be available 1`] = `
"<!-- wp:gutenberg-examples/example-01-basic -->
<p style=\\"background-color:#900;color:#fff;padding:20px\\" class=\\"wp-block-gutenberg-examples-example-01-basic\\">Hello World, step 1 (from the frontend).</p>
<!-- /wp:gutenberg-examples/example-01-basic -->"
`;
